// Jest Snapshot v1, https://goo.gl/fbAQLP

exports[`AppearencesContainer matches snapshot 1`] = `
<DocumentFragment>
  <div
    class="container"
  >
    <button
      class="bttn"
    >
      As a Guest D.J.
    </button>
    <button
      class="bttn"
    >
      As an Opening D.J.
    </button>
    <button
      class="bttn"
    >
      As a Featured D.J.
    </button>
  </div>
</DocumentFragment>
`;
