// Jest Snapshot v1, https://goo.gl/fbAQLP

exports[`ListModal matches snapshot 1`] = `
<DocumentFragment>
  <button
    class="bttn"
  />
</DocumentFragment>
`;
